// Jest Snapshot v1, https://goo.gl/fbAQLP

exports[`<InitialScreen /> should render and match InitialScreen snapshot 1`] = `
<View
  style={
    Object {
      "height": "100%",
      "width": "100%",
    }
  }
>
  <RCTSafeAreaView
    emulateUnlessSupported={true}
    style={
      Object {
        "display": "flex",
        "height": "100%",
        "justifyContent": "center",
        "width": "100%",
      }
    }
  >
    <Image
      source={
        Object {
          "testUri": "../../../src/assets/logo.png",
        }
      }
      style={
        Object {
          "alignContent": "center",
          "alignSelf": "center",
          "height": 150,
          "width": 150,
        }
      }
      testID="logoImage"
    />
    <Text
      style={
        Object {
          "color": "#000000",
          "fontSize": 32,
          "marginTop": 20,
          "textAlign": "center",
        }
      }
      testID="logoLabel"
    >
      Hangar
    </Text>
    <View />
  </RCTSafeAreaView>
</View>
`;
